Copyright 1986-2018 Xilinx, Inc. All Rights Reserved.
--------------------------------------------------------------------------------------------------------------------------------------------------------------------------------------------------------
| Tool Version : Vivado v.2018.2 (win64) Build 2258646 Thu Jun 14 20:03:12 MDT 2018
| Date         : Sun Apr  5 00:37:44 2020
| Host         : Richard running 64-bit major release  (build 9200)
| Command      : report_timing_summary -max_paths 10 -file Top_Student_timing_summary_routed.rpt -pb Top_Student_timing_summary_routed.pb -rpx Top_Student_timing_summary_routed.rpx -warn_on_violation
| Design       : Top_Student
| Device       : 7a35t-cpg236
| Speed File   : -1  PRODUCTION 1.22 2018-03-21
--------------------------------------------------------------------------------------------------------------------------------------------------------------------------------------------------------

Timing Summary Report

------------------------------------------------------------------------------------------------
| Timer Settings
| --------------
------------------------------------------------------------------------------------------------

  Enable Multi Corner Analysis               :  Yes
  Enable Pessimism Removal                   :  Yes
  Pessimism Removal Resolution               :  Nearest Common Node
  Enable Input Delay Default Clock           :  No
  Enable Preset / Clear Arcs                 :  No
  Disable Flight Delays                      :  No
  Ignore I/O Paths                           :  No
  Timing Early Launch at Borrowing Latches   :  false

  Corner  Analyze    Analyze    
  Name    Max Paths  Min Paths  
  ------  ---------  ---------  
  Slow    Yes        Yes        
  Fast    Yes        Yes        



check_timing report

Table of Contents
-----------------
1. checking no_clock
2. checking constant_clock
3. checking pulse_width_clock
4. checking unconstrained_internal_endpoints
5. checking no_input_delay
6. checking no_output_delay
7. checking multiple_clock
8. checking generated_clocks
9. checking loops
10. checking partial_input_delay
11. checking partial_output_delay
12. checking latch_loops

1. checking no_clock
--------------------
 There are 65 register/latch pins with no clock driven by root clock pin: clk1/slowclk_reg/Q (HIGH)

 There are 860 register/latch pins with no clock driven by root clock pin: clk20/slowclk_reg/Q (HIGH)

 There are 41 register/latch pins with no clock driven by root clock pin: clk20k/slowclk_reg/Q (HIGH)

 There are 65 register/latch pins with no clock driven by root clock pin: clk361/slowclk_reg/Q (HIGH)

 There are 60 register/latch pins with no clock driven by root clock pin: clk4/slowclk_reg/Q (HIGH)

 There are 795 register/latch pins with no clock driven by root clock pin: clk625m/slowclk_reg/Q (HIGH)

 There are 12 register/latch pins with no clock driven by root clock pin: ledDriver/clk600/slowclk_reg/Q (HIGH)

 There are 8 register/latch pins with no clock driven by root clock pin: ledDriverEco/clk600/slowclk_reg/Q (HIGH)

 There are 12 register/latch pins with no clock driven by root clock pin: ledDriverStart/clk600/slowclk_reg/Q (HIGH)

 There are 12 register/latch pins with no clock driven by root clock pin: mic/sclk_reg/Q (HIGH)


2. checking constant_clock
--------------------------
 There are 0 register/latch pins with constant_clock.


3. checking pulse_width_clock
-----------------------------
 There are 0 register/latch pins which need pulse_width check


4. checking unconstrained_internal_endpoints
--------------------------------------------
 There are 3390 pins that are not constrained for maximum delay. (HIGH)

 There are 0 pins that are not constrained for maximum delay due to constant clock.


5. checking no_input_delay
--------------------------
 There are 11 input ports with no input delay specified. (HIGH)

 There are 0 input ports with no input delay but user has a false path constraint.


6. checking no_output_delay
---------------------------
 There are 36 ports with no output delay specified. (HIGH)

 There are 0 ports with no output delay but user has a false path constraint

 There are 0 ports with no output delay but with a timing clock defined on it or propagating through it


7. checking multiple_clock
--------------------------
 There are 0 register/latch pins with multiple clocks.


8. checking generated_clocks
----------------------------
 There are 0 generated clocks that are not connected to a clock source.


9. checking loops
-----------------
 There are 0 combinational loops in the design.


10. checking partial_input_delay
--------------------------------
 There are 0 input ports with partial input delay specified.


11. checking partial_output_delay
---------------------------------
 There are 0 ports with partial output delay specified.


12. checking latch_loops
------------------------
 There are 0 combinational latch loops in the design through latch input



------------------------------------------------------------------------------------------------
| Design Timing Summary
| ---------------------
------------------------------------------------------------------------------------------------

    WNS(ns)      TNS(ns)  TNS Failing Endpoints  TNS Total Endpoints      WHS(ns)      THS(ns)  THS Failing Endpoints  THS Total Endpoints     WPWS(ns)     TPWS(ns)  TPWS Failing Endpoints  TPWS Total Endpoints  
    -------      -------  ---------------------  -------------------      -------      -------  ---------------------  -------------------     --------     --------  ----------------------  --------------------  
      5.141        0.000                      0                  610        0.261        0.000                      0                  610        4.500        0.000                       0                   311  


All user specified timing constraints are met.


------------------------------------------------------------------------------------------------
| Clock Summary
| -------------
------------------------------------------------------------------------------------------------

Clock        Waveform(ns)       Period(ns)      Frequency(MHz)
-----        ------------       ----------      --------------
sys_clk_pin  {0.000 5.000}      10.000          100.000         


------------------------------------------------------------------------------------------------
| Intra Clock Table
| -----------------
------------------------------------------------------------------------------------------------

Clock             WNS(ns)      TNS(ns)  TNS Failing Endpoints  TNS Total Endpoints      WHS(ns)      THS(ns)  THS Failing Endpoints  THS Total Endpoints     WPWS(ns)     TPWS(ns)  TPWS Failing Endpoints  TPWS Total Endpoints  
-----             -------      -------  ---------------------  -------------------      -------      -------  ---------------------  -------------------     --------     --------  ----------------------  --------------------  
sys_clk_pin         5.141        0.000                      0                  610        0.261        0.000                      0                  610        4.500        0.000                       0                   311  


------------------------------------------------------------------------------------------------
| Inter Clock Table
| -----------------
------------------------------------------------------------------------------------------------

From Clock    To Clock          WNS(ns)      TNS(ns)  TNS Failing Endpoints  TNS Total Endpoints      WHS(ns)      THS(ns)  THS Failing Endpoints  THS Total Endpoints  
----------    --------          -------      -------  ---------------------  -------------------      -------      -------  ---------------------  -------------------  


------------------------------------------------------------------------------------------------
| Other Path Groups Table
| -----------------------
------------------------------------------------------------------------------------------------

Path Group    From Clock    To Clock          WNS(ns)      TNS(ns)  TNS Failing Endpoints  TNS Total Endpoints      WHS(ns)      THS(ns)  THS Failing Endpoints  THS Total Endpoints  
----------    ----------    --------          -------      -------  ---------------------  -------------------      -------      -------  ---------------------  -------------------  


------------------------------------------------------------------------------------------------
| Timing Details
| --------------
------------------------------------------------------------------------------------------------


---------------------------------------------------------------------------------------------------
From Clock:  sys_clk_pin
  To Clock:  sys_clk_pin

Setup :            0  Failing Endpoints,  Worst Slack        5.141ns,  Total Violation        0.000ns
Hold  :            0  Failing Endpoints,  Worst Slack        0.261ns,  Total Violation        0.000ns
PW    :            0  Failing Endpoints,  Worst Slack        4.500ns,  Total Violation        0.000ns
---------------------------------------------------------------------------------------------------


Max Delay Paths
--------------------------------------------------------------------------------------
Slack (MET) :             5.141ns  (required time - arrival time)
  Source:                 clk625m/count_reg[11]/C
                            (rising edge-triggered cell FDRE clocked by sys_clk_pin  {rise@0.000ns fall@5.000ns period=10.000ns})
  Destination:            clk625m/count_reg[28]/R
                            (rising edge-triggered cell FDRE clocked by sys_clk_pin  {rise@0.000ns fall@5.000ns period=10.000ns})
  Path Group:             sys_clk_pin
  Path Type:              Setup (Max at Slow Process Corner)
  Requirement:            10.000ns  (sys_clk_pin rise@10.000ns - sys_clk_pin rise@0.000ns)
  Data Path Delay:        4.281ns  (logic 0.890ns (20.788%)  route 3.391ns (79.212%))
  Logic Levels:           3  (LUT3=1 LUT5=1 LUT6=1)
  Clock Path Skew:        -0.018ns (DCD - SCD + CPR)
    Destination Clock Delay (DCD):    4.780ns = ( 14.780 - 10.000 ) 
    Source Clock Delay      (SCD):    5.073ns
    Clock Pessimism Removal (CPR):    0.275ns
  Clock Uncertainty:      0.035ns  ((TSJ^2 + TIJ^2)^1/2 + DJ) / 2 + PE
    Total System Jitter     (TSJ):    0.071ns
    Total Input Jitter      (TIJ):    0.000ns
    Discrete Jitter          (DJ):    0.000ns
    Phase Error              (PE):    0.000ns

    Location             Delay type                Incr(ns)  Path(ns)    Netlist Resource(s)
  -------------------------------------------------------------------    -------------------
                         (clock sys_clk_pin rise edge)
                                                      0.000     0.000 r  
    W5                                                0.000     0.000 r  CLK100MHZ (IN)
                         net (fo=0)                   0.000     0.000    CLK100MHZ
    W5                   IBUF (Prop_ibuf_I_O)         1.458     1.458 r  CLK100MHZ_IBUF_inst/O
                         net (fo=1, routed)           1.967     3.425    CLK100MHZ_IBUF
    BUFGCTRL_X0Y3        BUFG (Prop_bufg_I_O)         0.096     3.521 r  CLK100MHZ_IBUF_BUFG_inst/O
                         net (fo=310, routed)         1.552     5.073    clk625m/CLK100MHZ_IBUF_BUFG
    SLICE_X30Y29         FDRE                                         r  clk625m/count_reg[11]/C
  -------------------------------------------------------------------    -------------------
    SLICE_X30Y29         FDRE (Prop_fdre_C_Q)         0.518     5.591 f  clk625m/count_reg[11]/Q
                         net (fo=2, routed)           1.106     6.697    clk625m/count_reg[11]
    SLICE_X31Y29         LUT6 (Prop_lut6_I1_O)        0.124     6.821 r  clk625m/count[0]_i_7__7/O
                         net (fo=1, routed)           0.634     7.456    clk625m/count[0]_i_7__7_n_0
    SLICE_X31Y30         LUT3 (Prop_lut3_I0_O)        0.124     7.580 r  clk625m/count[0]_i_4__6/O
                         net (fo=2, routed)           0.555     8.134    clk625m/count[0]_i_4__6_n_0
    SLICE_X31Y28         LUT5 (Prop_lut5_I3_O)        0.124     8.258 r  clk625m/count[0]_i_1__8/O
                         net (fo=32, routed)          1.096     9.355    clk625m/count[0]_i_1__8_n_0
    SLICE_X30Y34         FDRE                                         r  clk625m/count_reg[28]/R
  -------------------------------------------------------------------    -------------------

                         (clock sys_clk_pin rise edge)
                                                     10.000    10.000 r  
    W5                                                0.000    10.000 r  CLK100MHZ (IN)
                         net (fo=0)                   0.000    10.000    CLK100MHZ
    W5                   IBUF (Prop_ibuf_I_O)         1.388    11.388 r  CLK100MHZ_IBUF_inst/O
                         net (fo=1, routed)           1.862    13.250    CLK100MHZ_IBUF
    BUFGCTRL_X0Y3        BUFG (Prop_bufg_I_O)         0.091    13.341 r  CLK100MHZ_IBUF_BUFG_inst/O
                         net (fo=310, routed)         1.439    14.780    clk625m/CLK100MHZ_IBUF_BUFG
    SLICE_X30Y34         FDRE                                         r  clk625m/count_reg[28]/C
                         clock pessimism              0.275    15.055    
                         clock uncertainty           -0.035    15.020    
    SLICE_X30Y34         FDRE (Setup_fdre_C_R)       -0.524    14.496    clk625m/count_reg[28]
  -------------------------------------------------------------------
                         required time                         14.496    
                         arrival time                          -9.355    
  -------------------------------------------------------------------
                         slack                                  5.141    

Slack (MET) :             5.141ns  (required time - arrival time)
  Source:                 clk625m/count_reg[11]/C
                            (rising edge-triggered cell FDRE clocked by sys_clk_pin  {rise@0.000ns fall@5.000ns period=10.000ns})
  Destination:            clk625m/count_reg[29]/R
                            (rising edge-triggered cell FDRE clocked by sys_clk_pin  {rise@0.000ns fall@5.000ns period=10.000ns})
  Path Group:             sys_clk_pin
  Path Type:              Setup (Max at Slow Process Corner)
  Requirement:            10.000ns  (sys_clk_pin rise@10.000ns - sys_clk_pin rise@0.000ns)
  Data Path Delay:        4.281ns  (logic 0.890ns (20.788%)  route 3.391ns (79.212%))
  Logic Levels:           3  (LUT3=1 LUT5=1 LUT6=1)
  Clock Path Skew:        -0.018ns (DCD - SCD + CPR)
    Destination Clock Delay (DCD):    4.780ns = ( 14.780 - 10.000 ) 
    Source Clock Delay      (SCD):    5.073ns
    Clock Pessimism Removal (CPR):    0.275ns
  Clock Uncertainty:      0.035ns  ((TSJ^2 + TIJ^2)^1/2 + DJ) / 2 + PE
    Total System Jitter     (TSJ):    0.071ns
    Total Input Jitter      (TIJ):    0.000ns
    Discrete Jitter          (DJ):    0.000ns
    Phase Error              (PE):    0.000ns

    Location             Delay type                Incr(ns)  Path(ns)    Netlist Resource(s)
  -------------------------------------------------------------------    -------------------
                         (clock sys_clk_pin rise edge)
                                                      0.000     0.000 r  
    W5                                                0.000     0.000 r  CLK100MHZ (IN)
                         net (fo=0)                   0.000     0.000    CLK100MHZ
    W5                   IBUF (Prop_ibuf_I_O)         1.458     1.458 r  CLK100MHZ_IBUF_inst/O
                         net (fo=1, routed)           1.967     3.425    CLK100MHZ_IBUF
    BUFGCTRL_X0Y3        BUFG (Prop_bufg_I_O)         0.096     3.521 r  CLK100MHZ_IBUF_BUFG_inst/O
                         net (fo=310, routed)         1.552     5.073    clk625m/CLK100MHZ_IBUF_BUFG
    SLICE_X30Y29         FDRE                                         r  clk625m/count_reg[11]/C
  -------------------------------------------------------------------    -------------------
    SLICE_X30Y29         FDRE (Prop_fdre_C_Q)         0.518     5.591 f  clk625m/count_reg[11]/Q
                         net (fo=2, routed)           1.106     6.697    clk625m/count_reg[11]
    SLICE_X31Y29         LUT6 (Prop_lut6_I1_O)        0.124     6.821 r  clk625m/count[0]_i_7__7/O
                         net (fo=1, routed)           0.634     7.456    clk625m/count[0]_i_7__7_n_0
    SLICE_X31Y30         LUT3 (Prop_lut3_I0_O)        0.124     7.580 r  clk625m/count[0]_i_4__6/O
                         net (fo=2, routed)           0.555     8.134    clk625m/count[0]_i_4__6_n_0
    SLICE_X31Y28         LUT5 (Prop_lut5_I3_O)        0.124     8.258 r  clk625m/count[0]_i_1__8/O
                         net (fo=32, routed)          1.096     9.355    clk625m/count[0]_i_1__8_n_0
    SLICE_X30Y34         FDRE                                         r  clk625m/count_reg[29]/R
  -------------------------------------------------------------------    -------------------

                         (clock sys_clk_pin rise edge)
                                                     10.000    10.000 r  
    W5                                                0.000    10.000 r  CLK100MHZ (IN)
                         net (fo=0)                   0.000    10.000    CLK100MHZ
    W5                   IBUF (Prop_ibuf_I_O)         1.388    11.388 r  CLK100MHZ_IBUF_inst/O
                         net (fo=1, routed)           1.862    13.250    CLK100MHZ_IBUF
    BUFGCTRL_X0Y3        BUFG (Prop_bufg_I_O)         0.091    13.341 r  CLK100MHZ_IBUF_BUFG_inst/O
                         net (fo=310, routed)         1.439    14.780    clk625m/CLK100MHZ_IBUF_BUFG
    SLICE_X30Y34         FDRE                                         r  clk625m/count_reg[29]/C
                         clock pessimism              0.275    15.055    
                         clock uncertainty           -0.035    15.020    
    SLICE_X30Y34         FDRE (Setup_fdre_C_R)       -0.524    14.496    clk625m/count_reg[29]
  -------------------------------------------------------------------
                         required time                         14.496    
                         arrival time                          -9.355    
  -------------------------------------------------------------------
                         slack                                  5.141    

Slack (MET) :             5.141ns  (required time - arrival time)
  Source:                 clk625m/count_reg[11]/C
                            (rising edge-triggered cell FDRE clocked by sys_clk_pin  {rise@0.000ns fall@5.000ns period=10.000ns})
  Destination:            clk625m/count_reg[30]/R
                            (rising edge-triggered cell FDRE clocked by sys_clk_pin  {rise@0.000ns fall@5.000ns period=10.000ns})
  Path Group:             sys_clk_pin
  Path Type:              Setup (Max at Slow Process Corner)
  Requirement:            10.000ns  (sys_clk_pin rise@10.000ns - sys_clk_pin rise@0.000ns)
  Data Path Delay:        4.281ns  (logic 0.890ns (20.788%)  route 3.391ns (79.212%))
  Logic Levels:           3  (LUT3=1 LUT5=1 LUT6=1)
  Clock Path Skew:        -0.018ns (DCD - SCD + CPR)
    Destination Clock Delay (DCD):    4.780ns = ( 14.780 - 10.000 ) 
    Source Clock Delay      (SCD):    5.073ns
    Clock Pessimism Removal (CPR):    0.275ns
  Clock Uncertainty:      0.035ns  ((TSJ^2 + TIJ^2)^1/2 + DJ) / 2 + PE
    Total System Jitter     (TSJ):    0.071ns
    Total Input Jitter      (TIJ):    0.000ns
    Discrete Jitter          (DJ):    0.000ns
    Phase Error              (PE):    0.000ns

    Location             Delay type                Incr(ns)  Path(ns)    Netlist Resource(s)
  -------------------------------------------------------------------    -------------------
                         (clock sys_clk_pin rise edge)
                                                      0.000     0.000 r  
    W5                                                0.000     0.000 r  CLK100MHZ (IN)
                         net (fo=0)                   0.000     0.000    CLK100MHZ
    W5                   IBUF (Prop_ibuf_I_O)         1.458     1.458 r  CLK100MHZ_IBUF_inst/O
                         net (fo=1, routed)           1.967     3.425    CLK100MHZ_IBUF
    BUFGCTRL_X0Y3        BUFG (Prop_bufg_I_O)         0.096     3.521 r  CLK100MHZ_IBUF_BUFG_inst/O
                         net (fo=310, routed)         1.552     5.073    clk625m/CLK100MHZ_IBUF_BUFG
    SLICE_X30Y29         FDRE                                         r  clk625m/count_reg[11]/C
  -------------------------------------------------------------------    -------------------
    SLICE_X30Y29         FDRE (Prop_fdre_C_Q)         0.518     5.591 f  clk625m/count_reg[11]/Q
                         net (fo=2, routed)           1.106     6.697    clk625m/count_reg[11]
    SLICE_X31Y29         LUT6 (Prop_lut6_I1_O)        0.124     6.821 r  clk625m/count[0]_i_7__7/O
                         net (fo=1, routed)           0.634     7.456    clk625m/count[0]_i_7__7_n_0
    SLICE_X31Y30         LUT3 (Prop_lut3_I0_O)        0.124     7.580 r  clk625m/count[0]_i_4__6/O
                         net (fo=2, routed)           0.555     8.134    clk625m/count[0]_i_4__6_n_0
    SLICE_X31Y28         LUT5 (Prop_lut5_I3_O)        0.124     8.258 r  clk625m/count[0]_i_1__8/O
                         net (fo=32, routed)          1.096     9.355    clk625m/count[0]_i_1__8_n_0
    SLICE_X30Y34         FDRE                                         r  clk625m/count_reg[30]/R
  -------------------------------------------------------------------    -------------------

                         (clock sys_clk_pin rise edge)
                                                     10.000    10.000 r  
    W5                                                0.000    10.000 r  CLK100MHZ (IN)
                         net (fo=0)                   0.000    10.000    CLK100MHZ
    W5                   IBUF (Prop_ibuf_I_O)         1.388    11.388 r  CLK100MHZ_IBUF_inst/O
                         net (fo=1, routed)           1.862    13.250    CLK100MHZ_IBUF
    BUFGCTRL_X0Y3        BUFG (Prop_bufg_I_O)         0.091    13.341 r  CLK100MHZ_IBUF_BUFG_inst/O
                         net (fo=310, routed)         1.439    14.780    clk625m/CLK100MHZ_IBUF_BUFG
    SLICE_X30Y34         FDRE                                         r  clk625m/count_reg[30]/C
                         clock pessimism              0.275    15.055    
                         clock uncertainty           -0.035    15.020    
    SLICE_X30Y34         FDRE (Setup_fdre_C_R)       -0.524    14.496    clk625m/count_reg[30]
  -------------------------------------------------------------------
                         required time                         14.496    
                         arrival time                          -9.355    
  -------------------------------------------------------------------
                         slack                                  5.141    

Slack (MET) :             5.141ns  (required time - arrival time)
  Source:                 clk625m/count_reg[11]/C
                            (rising edge-triggered cell FDRE clocked by sys_clk_pin  {rise@0.000ns fall@5.000ns period=10.000ns})
  Destination:            clk625m/count_reg[31]/R
                            (rising edge-triggered cell FDRE clocked by sys_clk_pin  {rise@0.000ns fall@5.000ns period=10.000ns})
  Path Group:             sys_clk_pin
  Path Type:              Setup (Max at Slow Process Corner)
  Requirement:            10.000ns  (sys_clk_pin rise@10.000ns - sys_clk_pin rise@0.000ns)
  Data Path Delay:        4.281ns  (logic 0.890ns (20.788%)  route 3.391ns (79.212%))
  Logic Levels:           3  (LUT3=1 LUT5=1 LUT6=1)
  Clock Path Skew:        -0.018ns (DCD - SCD + CPR)
    Destination Clock Delay (DCD):    4.780ns = ( 14.780 - 10.000 ) 
    Source Clock Delay      (SCD):    5.073ns
    Clock Pessimism Removal (CPR):    0.275ns
  Clock Uncertainty:      0.035ns  ((TSJ^2 + TIJ^2)^1/2 + DJ) / 2 + PE
    Total System Jitter     (TSJ):    0.071ns
    Total Input Jitter      (TIJ):    0.000ns
    Discrete Jitter          (DJ):    0.000ns
    Phase Error              (PE):    0.000ns

    Location             Delay type                Incr(ns)  Path(ns)    Netlist Resource(s)
  -------------------------------------------------------------------    -------------------
                         (clock sys_clk_pin rise edge)
                                                      0.000     0.000 r  
    W5                                                0.000     0.000 r  CLK100MHZ (IN)
                         net (fo=0)                   0.000     0.000    CLK100MHZ
    W5                   IBUF (Prop_ibuf_I_O)         1.458     1.458 r  CLK100MHZ_IBUF_inst/O
                         net (fo=1, routed)           1.967     3.425    CLK100MHZ_IBUF
    BUFGCTRL_X0Y3        BUFG (Prop_bufg_I_O)         0.096     3.521 r  CLK100MHZ_IBUF_BUFG_inst/O
                         net (fo=310, routed)         1.552     5.073    clk625m/CLK100MHZ_IBUF_BUFG
    SLICE_X30Y29         FDRE                                         r  clk625m/count_reg[11]/C
  -------------------------------------------------------------------    -------------------
    SLICE_X30Y29         FDRE (Prop_fdre_C_Q)         0.518     5.591 f  clk625m/count_reg[11]/Q
                         net (fo=2, routed)           1.106     6.697    clk625m/count_reg[11]
    SLICE_X31Y29         LUT6 (Prop_lut6_I1_O)        0.124     6.821 r  clk625m/count[0]_i_7__7/O
                         net (fo=1, routed)           0.634     7.456    clk625m/count[0]_i_7__7_n_0
    SLICE_X31Y30         LUT3 (Prop_lut3_I0_O)        0.124     7.580 r  clk625m/count[0]_i_4__6/O
                         net (fo=2, routed)           0.555     8.134    clk625m/count[0]_i_4__6_n_0
    SLICE_X31Y28         LUT5 (Prop_lut5_I3_O)        0.124     8.258 r  clk625m/count[0]_i_1__8/O
                         net (fo=32, routed)          1.096     9.355    clk625m/count[0]_i_1__8_n_0
    SLICE_X30Y34         FDRE                                         r  clk625m/count_reg[31]/R
  -------------------------------------------------------------------    -------------------

                         (clock sys_clk_pin rise edge)
                                                     10.000    10.000 r  
    W5                                                0.000    10.000 r  CLK100MHZ (IN)
                         net (fo=0)                   0.000    10.000    CLK100MHZ
    W5                   IBUF (Prop_ibuf_I_O)         1.388    11.388 r  CLK100MHZ_IBUF_inst/O
                         net (fo=1, routed)           1.862    13.250    CLK100MHZ_IBUF
    BUFGCTRL_X0Y3        BUFG (Prop_bufg_I_O)         0.091    13.341 r  CLK100MHZ_IBUF_BUFG_inst/O
                         net (fo=310, routed)         1.439    14.780    clk625m/CLK100MHZ_IBUF_BUFG
    SLICE_X30Y34         FDRE                                         r  clk625m/count_reg[31]/C
                         clock pessimism              0.275    15.055    
                         clock uncertainty           -0.035    15.020    
    SLICE_X30Y34         FDRE (Setup_fdre_C_R)       -0.524    14.496    clk625m/count_reg[31]
  -------------------------------------------------------------------
                         required time                         14.496    
                         arrival time                          -9.355    
  -------------------------------------------------------------------
                         slack                                  5.141    

Slack (MET) :             5.279ns  (required time - arrival time)
  Source:                 clk625m/count_reg[11]/C
                            (rising edge-triggered cell FDRE clocked by sys_clk_pin  {rise@0.000ns fall@5.000ns period=10.000ns})
  Destination:            clk625m/count_reg[24]/R
                            (rising edge-triggered cell FDRE clocked by sys_clk_pin  {rise@0.000ns fall@5.000ns period=10.000ns})
  Path Group:             sys_clk_pin
  Path Type:              Setup (Max at Slow Process Corner)
  Requirement:            10.000ns  (sys_clk_pin rise@10.000ns - sys_clk_pin rise@0.000ns)
  Data Path Delay:        4.143ns  (logic 0.890ns (21.483%)  route 3.253ns (78.517%))
  Logic Levels:           3  (LUT3=1 LUT5=1 LUT6=1)
  Clock Path Skew:        -0.019ns (DCD - SCD + CPR)
    Destination Clock Delay (DCD):    4.779ns = ( 14.779 - 10.000 ) 
    Source Clock Delay      (SCD):    5.073ns
    Clock Pessimism Removal (CPR):    0.275ns
  Clock Uncertainty:      0.035ns  ((TSJ^2 + TIJ^2)^1/2 + DJ) / 2 + PE
    Total System Jitter     (TSJ):    0.071ns
    Total Input Jitter      (TIJ):    0.000ns
    Discrete Jitter          (DJ):    0.000ns
    Phase Error              (PE):    0.000ns

    Location             Delay type                Incr(ns)  Path(ns)    Netlist Resource(s)
  -------------------------------------------------------------------    -------------------
                         (clock sys_clk_pin rise edge)
                                                      0.000     0.000 r  
    W5                                                0.000     0.000 r  CLK100MHZ (IN)
                         net (fo=0)                   0.000     0.000    CLK100MHZ
    W5                   IBUF (Prop_ibuf_I_O)         1.458     1.458 r  CLK100MHZ_IBUF_inst/O
                         net (fo=1, routed)           1.967     3.425    CLK100MHZ_IBUF
    BUFGCTRL_X0Y3        BUFG (Prop_bufg_I_O)         0.096     3.521 r  CLK100MHZ_IBUF_BUFG_inst/O
                         net (fo=310, routed)         1.552     5.073    clk625m/CLK100MHZ_IBUF_BUFG
    SLICE_X30Y29         FDRE                                         r  clk625m/count_reg[11]/C
  -------------------------------------------------------------------    -------------------
    SLICE_X30Y29         FDRE (Prop_fdre_C_Q)         0.518     5.591 f  clk625m/count_reg[11]/Q
                         net (fo=2, routed)           1.106     6.697    clk625m/count_reg[11]
    SLICE_X31Y29         LUT6 (Prop_lut6_I1_O)        0.124     6.821 r  clk625m/count[0]_i_7__7/O
                         net (fo=1, routed)           0.634     7.456    clk625m/count[0]_i_7__7_n_0
    SLICE_X31Y30         LUT3 (Prop_lut3_I0_O)        0.124     7.580 r  clk625m/count[0]_i_4__6/O
                         net (fo=2, routed)           0.555     8.134    clk625m/count[0]_i_4__6_n_0
    SLICE_X31Y28         LUT5 (Prop_lut5_I3_O)        0.124     8.258 r  clk625m/count[0]_i_1__8/O
                         net (fo=32, routed)          0.958     9.216    clk625m/count[0]_i_1__8_n_0
    SLICE_X30Y33         FDRE                                         r  clk625m/count_reg[24]/R
  -------------------------------------------------------------------    -------------------

                         (clock sys_clk_pin rise edge)
                                                     10.000    10.000 r  
    W5                                                0.000    10.000 r  CLK100MHZ (IN)
                         net (fo=0)                   0.000    10.000    CLK100MHZ
    W5                   IBUF (Prop_ibuf_I_O)         1.388    11.388 r  CLK100MHZ_IBUF_inst/O
                         net (fo=1, routed)           1.862    13.250    CLK100MHZ_IBUF
    BUFGCTRL_X0Y3        BUFG (Prop_bufg_I_O)         0.091    13.341 r  CLK100MHZ_IBUF_BUFG_inst/O
                         net (fo=310, routed)         1.438    14.779    clk625m/CLK100MHZ_IBUF_BUFG
    SLICE_X30Y33         FDRE                                         r  clk625m/count_reg[24]/C
                         clock pessimism              0.275    15.054    
                         clock uncertainty           -0.035    15.019    
    SLICE_X30Y33         FDRE (Setup_fdre_C_R)       -0.524    14.495    clk625m/count_reg[24]
  -------------------------------------------------------------------
                         required time                         14.495    
                         arrival time                          -9.216    
  -------------------------------------------------------------------
                         slack                                  5.279    

Slack (MET) :             5.279ns  (required time - arrival time)
  Source:                 clk625m/count_reg[11]/C
                            (rising edge-triggered cell FDRE clocked by sys_clk_pin  {rise@0.000ns fall@5.000ns period=10.000ns})
  Destination:            clk625m/count_reg[25]/R
                            (rising edge-triggered cell FDRE clocked by sys_clk_pin  {rise@0.000ns fall@5.000ns period=10.000ns})
  Path Group:             sys_clk_pin
  Path Type:              Setup (Max at Slow Process Corner)
  Requirement:            10.000ns  (sys_clk_pin rise@10.000ns - sys_clk_pin rise@0.000ns)
  Data Path Delay:        4.143ns  (logic 0.890ns (21.483%)  route 3.253ns (78.517%))
  Logic Levels:           3  (LUT3=1 LUT5=1 LUT6=1)
  Clock Path Skew:        -0.019ns (DCD - SCD + CPR)
    Destination Clock Delay (DCD):    4.779ns = ( 14.779 - 10.000 ) 
    Source Clock Delay      (SCD):    5.073ns
    Clock Pessimism Removal (CPR):    0.275ns
  Clock Uncertainty:      0.035ns  ((TSJ^2 + TIJ^2)^1/2 + DJ) / 2 + PE
    Total System Jitter     (TSJ):    0.071ns
    Total Input Jitter      (TIJ):    0.000ns
    Discrete Jitter          (DJ):    0.000ns
    Phase Error              (PE):    0.000ns

    Location             Delay type                Incr(ns)  Path(ns)    Netlist Resource(s)
  -------------------------------------------------------------------    -------------------
                         (clock sys_clk_pin rise edge)
                                                      0.000     0.000 r  
    W5                                                0.000     0.000 r  CLK100MHZ (IN)
                         net (fo=0)                   0.000     0.000    CLK100MHZ
    W5                   IBUF (Prop_ibuf_I_O)         1.458     1.458 r  CLK100MHZ_IBUF_inst/O
                         net (fo=1, routed)           1.967     3.425    CLK100MHZ_IBUF
    BUFGCTRL_X0Y3        BUFG (Prop_bufg_I_O)         0.096     3.521 r  CLK100MHZ_IBUF_BUFG_inst/O
                         net (fo=310, routed)         1.552     5.073    clk625m/CLK100MHZ_IBUF_BUFG
    SLICE_X30Y29         FDRE                                         r  clk625m/count_reg[11]/C
  -------------------------------------------------------------------    -------------------
    SLICE_X30Y29         FDRE (Prop_fdre_C_Q)         0.518     5.591 f  clk625m/count_reg[11]/Q
                         net (fo=2, routed)           1.106     6.697    clk625m/count_reg[11]
    SLICE_X31Y29         LUT6 (Prop_lut6_I1_O)        0.124     6.821 r  clk625m/count[0]_i_7__7/O
                         net (fo=1, routed)           0.634     7.456    clk625m/count[0]_i_7__7_n_0
    SLICE_X31Y30         LUT3 (Prop_lut3_I0_O)        0.124     7.580 r  clk625m/count[0]_i_4__6/O
                         net (fo=2, routed)           0.555     8.134    clk625m/count[0]_i_4__6_n_0
    SLICE_X31Y28         LUT5 (Prop_lut5_I3_O)        0.124     8.258 r  clk625m/count[0]_i_1__8/O
                         net (fo=32, routed)          0.958     9.216    clk625m/count[0]_i_1__8_n_0
    SLICE_X30Y33         FDRE                                         r  clk625m/count_reg[25]/R
  -------------------------------------------------------------------    -------------------

                         (clock sys_clk_pin rise edge)
                                                     10.000    10.000 r  
    W5                                                0.000    10.000 r  CLK100MHZ (IN)
                         net (fo=0)                   0.000    10.000    CLK100MHZ
    W5                   IBUF (Prop_ibuf_I_O)         1.388    11.388 r  CLK100MHZ_IBUF_inst/O
                         net (fo=1, routed)           1.862    13.250    CLK100MHZ_IBUF
    BUFGCTRL_X0Y3        BUFG (Prop_bufg_I_O)         0.091    13.341 r  CLK100MHZ_IBUF_BUFG_inst/O
                         net (fo=310, routed)         1.438    14.779    clk625m/CLK100MHZ_IBUF_BUFG
    SLICE_X30Y33         FDRE                                         r  clk625m/count_reg[25]/C
                         clock pessimism              0.275    15.054    
                         clock uncertainty           -0.035    15.019    
    SLICE_X30Y33         FDRE (Setup_fdre_C_R)       -0.524    14.495    clk625m/count_reg[25]
  -------------------------------------------------------------------
                         required time                         14.495    
                         arrival time                          -9.216    
  -------------------------------------------------------------------
                         slack                                  5.279    

Slack (MET) :             5.279ns  (required time - arrival time)
  Source:                 clk625m/count_reg[11]/C
                            (rising edge-triggered cell FDRE clocked by sys_clk_pin  {rise@0.000ns fall@5.000ns period=10.000ns})
  Destination:            clk625m/count_reg[26]/R
                            (rising edge-triggered cell FDRE clocked by sys_clk_pin  {rise@0.000ns fall@5.000ns period=10.000ns})
  Path Group:             sys_clk_pin
  Path Type:              Setup (Max at Slow Process Corner)
  Requirement:            10.000ns  (sys_clk_pin rise@10.000ns - sys_clk_pin rise@0.000ns)
  Data Path Delay:        4.143ns  (logic 0.890ns (21.483%)  route 3.253ns (78.517%))
  Logic Levels:           3  (LUT3=1 LUT5=1 LUT6=1)
  Clock Path Skew:        -0.019ns (DCD - SCD + CPR)
    Destination Clock Delay (DCD):    4.779ns = ( 14.779 - 10.000 ) 
    Source Clock Delay      (SCD):    5.073ns
    Clock Pessimism Removal (CPR):    0.275ns
  Clock Uncertainty:      0.035ns  ((TSJ^2 + TIJ^2)^1/2 + DJ) / 2 + PE
    Total System Jitter     (TSJ):    0.071ns
    Total Input Jitter      (TIJ):    0.000ns
    Discrete Jitter          (DJ):    0.000ns
    Phase Error              (PE):    0.000ns

    Location             Delay type                Incr(ns)  Path(ns)    Netlist Resource(s)
  -------------------------------------------------------------------    -------------------
                         (clock sys_clk_pin rise edge)
                                                      0.000     0.000 r  
    W5                                                0.000     0.000 r  CLK100MHZ (IN)
                         net (fo=0)                   0.000     0.000    CLK100MHZ
    W5                   IBUF (Prop_ibuf_I_O)         1.458     1.458 r  CLK100MHZ_IBUF_inst/O
                         net (fo=1, routed)           1.967     3.425    CLK100MHZ_IBUF
    BUFGCTRL_X0Y3        BUFG (Prop_bufg_I_O)         0.096     3.521 r  CLK100MHZ_IBUF_BUFG_inst/O
                         net (fo=310, routed)         1.552     5.073    clk625m/CLK100MHZ_IBUF_BUFG
    SLICE_X30Y29         FDRE                                         r  clk625m/count_reg[11]/C
  -------------------------------------------------------------------    -------------------
    SLICE_X30Y29         FDRE (Prop_fdre_C_Q)         0.518     5.591 f  clk625m/count_reg[11]/Q
                         net (fo=2, routed)           1.106     6.697    clk625m/count_reg[11]
    SLICE_X31Y29         LUT6 (Prop_lut6_I1_O)        0.124     6.821 r  clk625m/count[0]_i_7__7/O
                         net (fo=1, routed)           0.634     7.456    clk625m/count[0]_i_7__7_n_0
    SLICE_X31Y30         LUT3 (Prop_lut3_I0_O)        0.124     7.580 r  clk625m/count[0]_i_4__6/O
                         net (fo=2, routed)           0.555     8.134    clk625m/count[0]_i_4__6_n_0
    SLICE_X31Y28         LUT5 (Prop_lut5_I3_O)        0.124     8.258 r  clk625m/count[0]_i_1__8/O
                         net (fo=32, routed)          0.958     9.216    clk625m/count[0]_i_1__8_n_0
    SLICE_X30Y33         FDRE                                         r  clk625m/count_reg[26]/R
  -------------------------------------------------------------------    -------------------

                         (clock sys_clk_pin rise edge)
                                                     10.000    10.000 r  
    W5                                                0.000    10.000 r  CLK100MHZ (IN)
                         net (fo=0)                   0.000    10.000    CLK100MHZ
    W5                   IBUF (Prop_ibuf_I_O)         1.388    11.388 r  CLK100MHZ_IBUF_inst/O
                         net (fo=1, routed)           1.862    13.250    CLK100MHZ_IBUF
    BUFGCTRL_X0Y3        BUFG (Prop_bufg_I_O)         0.091    13.341 r  CLK100MHZ_IBUF_BUFG_inst/O
                         net (fo=310, routed)         1.438    14.779    clk625m/CLK100MHZ_IBUF_BUFG
    SLICE_X30Y33         FDRE                                         r  clk625m/count_reg[26]/C
                         clock pessimism              0.275    15.054    
                         clock uncertainty           -0.035    15.019    
    SLICE_X30Y33         FDRE (Setup_fdre_C_R)       -0.524    14.495    clk625m/count_reg[26]
  -------------------------------------------------------------------
                         required time                         14.495    
                         arrival time                          -9.216    
  -------------------------------------------------------------------
                         slack                                  5.279    

Slack (MET) :             5.279ns  (required time - arrival time)
  Source:                 clk625m/count_reg[11]/C
                            (rising edge-triggered cell FDRE clocked by sys_clk_pin  {rise@0.000ns fall@5.000ns period=10.000ns})
  Destination:            clk625m/count_reg[27]/R
                            (rising edge-triggered cell FDRE clocked by sys_clk_pin  {rise@0.000ns fall@5.000ns period=10.000ns})
  Path Group:             sys_clk_pin
  Path Type:              Setup (Max at Slow Process Corner)
  Requirement:            10.000ns  (sys_clk_pin rise@10.000ns - sys_clk_pin rise@0.000ns)
  Data Path Delay:        4.143ns  (logic 0.890ns (21.483%)  route 3.253ns (78.517%))
  Logic Levels:           3  (LUT3=1 LUT5=1 LUT6=1)
  Clock Path Skew:        -0.019ns (DCD - SCD + CPR)
    Destination Clock Delay (DCD):    4.779ns = ( 14.779 - 10.000 ) 
    Source Clock Delay      (SCD):    5.073ns
    Clock Pessimism Removal (CPR):    0.275ns
  Clock Uncertainty:      0.035ns  ((TSJ^2 + TIJ^2)^1/2 + DJ) / 2 + PE
    Total System Jitter     (TSJ):    0.071ns
    Total Input Jitter      (TIJ):    0.000ns
    Discrete Jitter          (DJ):    0.000ns
    Phase Error              (PE):    0.000ns

    Location             Delay type                Incr(ns)  Path(ns)    Netlist Resource(s)
  -------------------------------------------------------------------    -------------------
                         (clock sys_clk_pin rise edge)
                                                      0.000     0.000 r  
    W5                                                0.000     0.000 r  CLK100MHZ (IN)
                         net (fo=0)                   0.000     0.000    CLK100MHZ
    W5                   IBUF (Prop_ibuf_I_O)         1.458     1.458 r  CLK100MHZ_IBUF_inst/O
                         net (fo=1, routed)           1.967     3.425    CLK100MHZ_IBUF
    BUFGCTRL_X0Y3        BUFG (Prop_bufg_I_O)         0.096     3.521 r  CLK100MHZ_IBUF_BUFG_inst/O
                         net (fo=310, routed)         1.552     5.073    clk625m/CLK100MHZ_IBUF_BUFG
    SLICE_X30Y29         FDRE                                         r  clk625m/count_reg[11]/C
  -------------------------------------------------------------------    -------------------
    SLICE_X30Y29         FDRE (Prop_fdre_C_Q)         0.518     5.591 f  clk625m/count_reg[11]/Q
                         net (fo=2, routed)           1.106     6.697    clk625m/count_reg[11]
    SLICE_X31Y29         LUT6 (Prop_lut6_I1_O)        0.124     6.821 r  clk625m/count[0]_i_7__7/O
                         net (fo=1, routed)           0.634     7.456    clk625m/count[0]_i_7__7_n_0
    SLICE_X31Y30         LUT3 (Prop_lut3_I0_O)        0.124     7.580 r  clk625m/count[0]_i_4__6/O
                         net (fo=2, routed)           0.555     8.134    clk625m/count[0]_i_4__6_n_0
    SLICE_X31Y28         LUT5 (Prop_lut5_I3_O)        0.124     8.258 r  clk625m/count[0]_i_1__8/O
                         net (fo=32, routed)          0.958     9.216    clk625m/count[0]_i_1__8_n_0
    SLICE_X30Y33         FDRE                                         r  clk625m/count_reg[27]/R
  -------------------------------------------------------------------    -------------------

                         (clock sys_clk_pin rise edge)
                                                     10.000    10.000 r  
    W5                                                0.000    10.000 r  CLK100MHZ (IN)
                         net (fo=0)                   0.000    10.000    CLK100MHZ
    W5                   IBUF (Prop_ibuf_I_O)         1.388    11.388 r  CLK100MHZ_IBUF_inst/O
                         net (fo=1, routed)           1.862    13.250    CLK100MHZ_IBUF
    BUFGCTRL_X0Y3        BUFG (Prop_bufg_I_O)         0.091    13.341 r  CLK100MHZ_IBUF_BUFG_inst/O
                         net (fo=310, routed)         1.438    14.779    clk625m/CLK100MHZ_IBUF_BUFG
    SLICE_X30Y33         FDRE                                         r  clk625m/count_reg[27]/C
                         clock pessimism              0.275    15.054    
                         clock uncertainty           -0.035    15.019    
    SLICE_X30Y33         FDRE (Setup_fdre_C_R)       -0.524    14.495    clk625m/count_reg[27]
  -------------------------------------------------------------------
                         required time                         14.495    
                         arrival time                          -9.216    
  -------------------------------------------------------------------
                         slack                                  5.279    

Slack (MET) :             5.315ns  (required time - arrival time)
  Source:                 ledDriver/clk600/count_reg[11]/C
                            (rising edge-triggered cell FDRE clocked by sys_clk_pin  {rise@0.000ns fall@5.000ns period=10.000ns})
  Destination:            ledDriver/clk600/count_reg[28]/R
                            (rising edge-triggered cell FDRE clocked by sys_clk_pin  {rise@0.000ns fall@5.000ns period=10.000ns})
  Path Group:             sys_clk_pin
  Path Type:              Setup (Max at Slow Process Corner)
  Requirement:            10.000ns  (sys_clk_pin rise@10.000ns - sys_clk_pin rise@0.000ns)
  Data Path Delay:        4.096ns  (logic 0.890ns (21.729%)  route 3.206ns (78.271%))
  Logic Levels:           3  (LUT6=3)
  Clock Path Skew:        -0.030ns (DCD - SCD + CPR)
    Destination Clock Delay (DCD):    4.779ns = ( 14.779 - 10.000 ) 
    Source Clock Delay      (SCD):    5.083ns
    Clock Pessimism Removal (CPR):    0.274ns
  Clock Uncertainty:      0.035ns  ((TSJ^2 + TIJ^2)^1/2 + DJ) / 2 + PE
    Total System Jitter     (TSJ):    0.071ns
    Total Input Jitter      (TIJ):    0.000ns
    Discrete Jitter          (DJ):    0.000ns
    Phase Error              (PE):    0.000ns

    Location             Delay type                Incr(ns)  Path(ns)    Netlist Resource(s)
  -------------------------------------------------------------------    -------------------
                         (clock sys_clk_pin rise edge)
                                                      0.000     0.000 r  
    W5                                                0.000     0.000 r  CLK100MHZ (IN)
                         net (fo=0)                   0.000     0.000    CLK100MHZ
    W5                   IBUF (Prop_ibuf_I_O)         1.458     1.458 r  CLK100MHZ_IBUF_inst/O
                         net (fo=1, routed)           1.967     3.425    CLK100MHZ_IBUF
    BUFGCTRL_X0Y3        BUFG (Prop_bufg_I_O)         0.096     3.521 r  CLK100MHZ_IBUF_BUFG_inst/O
                         net (fo=310, routed)         1.562     5.083    ledDriver/clk600/CLK100MHZ_IBUF_BUFG
    SLICE_X54Y17         FDRE                                         r  ledDriver/clk600/count_reg[11]/C
  -------------------------------------------------------------------    -------------------
    SLICE_X54Y17         FDRE (Prop_fdre_C_Q)         0.518     5.601 f  ledDriver/clk600/count_reg[11]/Q
                         net (fo=3, routed)           1.084     6.685    ledDriver/clk600/count_reg[11]
    SLICE_X55Y17         LUT6 (Prop_lut6_I1_O)        0.124     6.809 r  ledDriver/clk600/count[0]_i_9/O
                         net (fo=1, routed)           0.402     7.212    ledDriver/clk600/count[0]_i_9_n_0
    SLICE_X55Y18         LUT6 (Prop_lut6_I5_O)        0.124     7.336 r  ledDriver/clk600/count[0]_i_4/O
                         net (fo=1, routed)           0.405     7.740    ledDriver/clk600/count[0]_i_4_n_0
    SLICE_X55Y16         LUT6 (Prop_lut6_I3_O)        0.124     7.864 r  ledDriver/clk600/count[0]_i_1__1/O
                         net (fo=32, routed)          1.315     9.179    ledDriver/clk600/clear
    SLICE_X54Y22         FDRE                                         r  ledDriver/clk600/count_reg[28]/R
  -------------------------------------------------------------------    -------------------

                         (clock sys_clk_pin rise edge)
                                                     10.000    10.000 r  
    W5                                                0.000    10.000 r  CLK100MHZ (IN)
                         net (fo=0)                   0.000    10.000    CLK100MHZ
    W5                   IBUF (Prop_ibuf_I_O)         1.388    11.388 r  CLK100MHZ_IBUF_inst/O
                         net (fo=1, routed)           1.862    13.250    CLK100MHZ_IBUF
    BUFGCTRL_X0Y3        BUFG (Prop_bufg_I_O)         0.091    13.341 r  CLK100MHZ_IBUF_BUFG_inst/O
                         net (fo=310, routed)         1.438    14.779    ledDriver/clk600/CLK100MHZ_IBUF_BUFG
    SLICE_X54Y22         FDRE                                         r  ledDriver/clk600/count_reg[28]/C
                         clock pessimism              0.274    15.053    
                         clock uncertainty           -0.035    15.018    
    SLICE_X54Y22         FDRE (Setup_fdre_C_R)       -0.524    14.494    ledDriver/clk600/count_reg[28]
  -------------------------------------------------------------------
                         required time                         14.494    
                         arrival time                          -9.179    
  -------------------------------------------------------------------
                         slack                                  5.315    

Slack (MET) :             5.315ns  (required time - arrival time)
  Source:                 ledDriver/clk600/count_reg[11]/C
                            (rising edge-triggered cell FDRE clocked by sys_clk_pin  {rise@0.000ns fall@5.000ns period=10.000ns})
  Destination:            ledDriver/clk600/count_reg[29]/R
                            (rising edge-triggered cell FDRE clocked by sys_clk_pin  {rise@0.000ns fall@5.000ns period=10.000ns})
  Path Group:             sys_clk_pin
  Path Type:              Setup (Max at Slow Process Corner)
  Requirement:            10.000ns  (sys_clk_pin rise@10.000ns - sys_clk_pin rise@0.000ns)
  Data Path Delay:        4.096ns  (logic 0.890ns (21.729%)  route 3.206ns (78.271%))
  Logic Levels:           3  (LUT6=3)
  Clock Path Skew:        -0.030ns (DCD - SCD + CPR)
    Destination Clock Delay (DCD):    4.779ns = ( 14.779 - 10.000 ) 
    Source Clock Delay      (SCD):    5.083ns
    Clock Pessimism Removal (CPR):    0.274ns
  Clock Uncertainty:      0.035ns  ((TSJ^2 + TIJ^2)^1/2 + DJ) / 2 + PE
    Total System Jitter     (TSJ):    0.071ns
    Total Input Jitter      (TIJ):    0.000ns
    Discrete Jitter          (DJ):    0.000ns
    Phase Error              (PE):    0.000ns

    Location             Delay type                Incr(ns)  Path(ns)    Netlist Resource(s)
  -------------------------------------------------------------------    -------------------
                         (clock sys_clk_pin rise edge)
                                                      0.000     0.000 r  
    W5                                                0.000     0.000 r  CLK100MHZ (IN)
                         net (fo=0)                   0.000     0.000    CLK100MHZ
    W5                   IBUF (Prop_ibuf_I_O)         1.458     1.458 r  CLK100MHZ_IBUF_inst/O
                         net (fo=1, routed)           1.967     3.425    CLK100MHZ_IBUF
    BUFGCTRL_X0Y3        BUFG (Prop_bufg_I_O)         0.096     3.521 r  CLK100MHZ_IBUF_BUFG_inst/O
                         net (fo=310, routed)         1.562     5.083    ledDriver/clk600/CLK100MHZ_IBUF_BUFG
    SLICE_X54Y17         FDRE                                         r  ledDriver/clk600/count_reg[11]/C
  -------------------------------------------------------------------    -------------------
    SLICE_X54Y17         FDRE (Prop_fdre_C_Q)         0.518     5.601 f  ledDriver/clk600/count_reg[11]/Q
                         net (fo=3, routed)           1.084     6.685    ledDriver/clk600/count_reg[11]
    SLICE_X55Y17         LUT6 (Prop_lut6_I1_O)        0.124     6.809 r  ledDriver/clk600/count[0]_i_9/O
                         net (fo=1, routed)           0.402     7.212    ledDriver/clk600/count[0]_i_9_n_0
    SLICE_X55Y18         LUT6 (Prop_lut6_I5_O)        0.124     7.336 r  ledDriver/clk600/count[0]_i_4/O
                         net (fo=1, routed)           0.405     7.740    ledDriver/clk600/count[0]_i_4_n_0
    SLICE_X55Y16         LUT6 (Prop_lut6_I3_O)        0.124     7.864 r  ledDriver/clk600/count[0]_i_1__1/O
                         net (fo=32, routed)          1.315     9.179    ledDriver/clk600/clear
    SLICE_X54Y22         FDRE                                         r  ledDriver/clk600/count_reg[29]/R
  -------------------------------------------------------------------    -------------------

                         (clock sys_clk_pin rise edge)
                                                     10.000    10.000 r  
    W5                                                0.000    10.000 r  CLK100MHZ (IN)
                         net (fo=0)                   0.000    10.000    CLK100MHZ
    W5                   IBUF (Prop_ibuf_I_O)         1.388    11.388 r  CLK100MHZ_IBUF_inst/O
                         net (fo=1, routed)           1.862    13.250    CLK100MHZ_IBUF
    BUFGCTRL_X0Y3        BUFG (Prop_bufg_I_O)         0.091    13.341 r  CLK100MHZ_IBUF_BUFG_inst/O
                         net (fo=310, routed)         1.438    14.779    ledDriver/clk600/CLK100MHZ_IBUF_BUFG
    SLICE_X54Y22         FDRE                                         r  ledDriver/clk600/count_reg[29]/C
                         clock pessimism              0.274    15.053    
                         clock uncertainty           -0.035    15.018    
    SLICE_X54Y22         FDRE (Setup_fdre_C_R)       -0.524    14.494    ledDriver/clk600/count_reg[29]
  -------------------------------------------------------------------
                         required time                         14.494    
                         arrival time                          -9.179    
  -------------------------------------------------------------------
                         slack                                  5.315    





Min Delay Paths
--------------------------------------------------------------------------------------
Slack (MET) :             0.261ns  (arrival time - required time)
  Source:                 clk20k/count_reg[19]/C
                            (rising edge-triggered cell FDRE clocked by sys_clk_pin  {rise@0.000ns fall@5.000ns period=10.000ns})
  Destination:            clk20k/count_reg[19]/D
                            (rising edge-triggered cell FDRE clocked by sys_clk_pin  {rise@0.000ns fall@5.000ns period=10.000ns})
  Path Group:             sys_clk_pin
  Path Type:              Hold (Min at Fast Process Corner)
  Requirement:            0.000ns  (sys_clk_pin rise@0.000ns - sys_clk_pin rise@0.000ns)
  Data Path Delay:        0.366ns  (logic 0.249ns (67.994%)  route 0.117ns (32.006%))
  Logic Levels:           1  (CARRY4=1)
  Clock Path Skew:        0.000ns (DCD - SCD - CPR)
    Destination Clock Delay (DCD):    1.959ns
    Source Clock Delay      (SCD):    1.446ns
    Clock Pessimism Removal (CPR):    0.513ns

    Location             Delay type                Incr(ns)  Path(ns)    Netlist Resource(s)
  -------------------------------------------------------------------    -------------------
                         (clock sys_clk_pin rise edge)
                                                      0.000     0.000 r  
    W5                                                0.000     0.000 r  CLK100MHZ (IN)
                         net (fo=0)                   0.000     0.000    CLK100MHZ
    W5                   IBUF (Prop_ibuf_I_O)         0.226     0.226 r  CLK100MHZ_IBUF_inst/O
                         net (fo=1, routed)           0.631     0.858    CLK100MHZ_IBUF
    BUFGCTRL_X0Y3        BUFG (Prop_bufg_I_O)         0.026     0.884 r  CLK100MHZ_IBUF_BUFG_inst/O
                         net (fo=310, routed)         0.563     1.446    clk20k/CLK100MHZ_IBUF_BUFG
    SLICE_X31Y45         FDRE                                         r  clk20k/count_reg[19]/C
  -------------------------------------------------------------------    -------------------
    SLICE_X31Y45         FDRE (Prop_fdre_C_Q)         0.141     1.587 r  clk20k/count_reg[19]/Q
                         net (fo=2, routed)           0.117     1.704    clk20k/count_reg[19]
    SLICE_X31Y45         CARRY4 (Prop_carry4_S[3]_O[3])
                                                      0.108     1.812 r  clk20k/count_reg[16]_i_1__3/O[3]
                         net (fo=1, routed)           0.000     1.812    clk20k/count_reg[16]_i_1__3_n_4
    SLICE_X31Y45         FDRE                                         r  clk20k/count_reg[19]/D
  -------------------------------------------------------------------    -------------------

                         (clock sys_clk_pin rise edge)
                                                      0.000     0.000 r  
    W5                                                0.000     0.000 r  CLK100MHZ (IN)
                         net (fo=0)                   0.000     0.000    CLK100MHZ
    W5                   IBUF (Prop_ibuf_I_O)         0.414     0.414 r  CLK100MHZ_IBUF_inst/O
                         net (fo=1, routed)           0.685     1.099    CLK100MHZ_IBUF
    BUFGCTRL_X0Y3        BUFG (Prop_bufg_I_O)         0.029     1.128 r  CLK100MHZ_IBUF_BUFG_inst/O
                         net (fo=310, routed)         0.832     1.959    clk20k/CLK100MHZ_IBUF_BUFG
    SLICE_X31Y45         FDRE                                         r  clk20k/count_reg[19]/C
                         clock pessimism             -0.513     1.446    
    SLICE_X31Y45         FDRE (Hold_fdre_C_D)         0.105     1.551    clk20k/count_reg[19]
  -------------------------------------------------------------------
                         required time                         -1.551    
                         arrival time                           1.812    
  -------------------------------------------------------------------
                         slack                                  0.261    

Slack (MET) :             0.261ns  (arrival time - required time)
  Source:                 clk20k/count_reg[23]/C
                            (rising edge-triggered cell FDRE clocked by sys_clk_pin  {rise@0.000ns fall@5.000ns period=10.000ns})
  Destination:            clk20k/count_reg[23]/D
                            (rising edge-triggered cell FDRE clocked by sys_clk_pin  {rise@0.000ns fall@5.000ns period=10.000ns})
  Path Group:             sys_clk_pin
  Path Type:              Hold (Min at Fast Process Corner)
  Requirement:            0.000ns  (sys_clk_pin rise@0.000ns - sys_clk_pin rise@0.000ns)
  Data Path Delay:        0.366ns  (logic 0.249ns (67.994%)  route 0.117ns (32.006%))
  Logic Levels:           1  (CARRY4=1)
  Clock Path Skew:        0.000ns (DCD - SCD - CPR)
    Destination Clock Delay (DCD):    1.959ns
    Source Clock Delay      (SCD):    1.446ns
    Clock Pessimism Removal (CPR):    0.513ns

    Location             Delay type                Incr(ns)  Path(ns)    Netlist Resource(s)
  -------------------------------------------------------------------    -------------------
                         (clock sys_clk_pin rise edge)
                                                      0.000     0.000 r  
    W5                                                0.000     0.000 r  CLK100MHZ (IN)
                         net (fo=0)                   0.000     0.000    CLK100MHZ
    W5                   IBUF (Prop_ibuf_I_O)         0.226     0.226 r  CLK100MHZ_IBUF_inst/O
                         net (fo=1, routed)           0.631     0.858    CLK100MHZ_IBUF
    BUFGCTRL_X0Y3        BUFG (Prop_bufg_I_O)         0.026     0.884 r  CLK100MHZ_IBUF_BUFG_inst/O
                         net (fo=310, routed)         0.563     1.446    clk20k/CLK100MHZ_IBUF_BUFG
    SLICE_X31Y46         FDRE                                         r  clk20k/count_reg[23]/C
  -------------------------------------------------------------------    -------------------
    SLICE_X31Y46         FDRE (Prop_fdre_C_Q)         0.141     1.587 r  clk20k/count_reg[23]/Q
                         net (fo=2, routed)           0.117     1.704    clk20k/count_reg[23]
    SLICE_X31Y46         CARRY4 (Prop_carry4_S[3]_O[3])
                                                      0.108     1.812 r  clk20k/count_reg[20]_i_1__3/O[3]
                         net (fo=1, routed)           0.000     1.812    clk20k/count_reg[20]_i_1__3_n_4
    SLICE_X31Y46         FDRE                                         r  clk20k/count_reg[23]/D
  -------------------------------------------------------------------    -------------------

                         (clock sys_clk_pin rise edge)
                                                      0.000     0.000 r  
    W5                                                0.000     0.000 r  CLK100MHZ (IN)
                         net (fo=0)                   0.000     0.000    CLK100MHZ
    W5                   IBUF (Prop_ibuf_I_O)         0.414     0.414 r  CLK100MHZ_IBUF_inst/O
                         net (fo=1, routed)           0.685     1.099    CLK100MHZ_IBUF
    BUFGCTRL_X0Y3        BUFG (Prop_bufg_I_O)         0.029     1.128 r  CLK100MHZ_IBUF_BUFG_inst/O
                         net (fo=310, routed)         0.832     1.959    clk20k/CLK100MHZ_IBUF_BUFG
    SLICE_X31Y46         FDRE                                         r  clk20k/count_reg[23]/C
                         clock pessimism             -0.513     1.446    
    SLICE_X31Y46         FDRE (Hold_fdre_C_D)         0.105     1.551    clk20k/count_reg[23]
  -------------------------------------------------------------------
                         required time                         -1.551    
                         arrival time                           1.812    
  -------------------------------------------------------------------
                         slack                                  0.261    

Slack (MET) :             0.261ns  (arrival time - required time)
  Source:                 clk20k/count_reg[3]/C
                            (rising edge-triggered cell FDRE clocked by sys_clk_pin  {rise@0.000ns fall@5.000ns period=10.000ns})
  Destination:            clk20k/count_reg[3]/D
                            (rising edge-triggered cell FDRE clocked by sys_clk_pin  {rise@0.000ns fall@5.000ns period=10.000ns})
  Path Group:             sys_clk_pin
  Path Type:              Hold (Min at Fast Process Corner)
  Requirement:            0.000ns  (sys_clk_pin rise@0.000ns - sys_clk_pin rise@0.000ns)
  Data Path Delay:        0.366ns  (logic 0.249ns (67.994%)  route 0.117ns (32.006%))
  Logic Levels:           1  (CARRY4=1)
  Clock Path Skew:        0.000ns (DCD - SCD - CPR)
    Destination Clock Delay (DCD):    1.958ns
    Source Clock Delay      (SCD):    1.445ns
    Clock Pessimism Removal (CPR):    0.513ns

    Location             Delay type                Incr(ns)  Path(ns)    Netlist Resource(s)
  -------------------------------------------------------------------    -------------------
                         (clock sys_clk_pin rise edge)
                                                      0.000     0.000 r  
    W5                                                0.000     0.000 r  CLK100MHZ (IN)
                         net (fo=0)                   0.000     0.000    CLK100MHZ
    W5                   IBUF (Prop_ibuf_I_O)         0.226     0.226 r  CLK100MHZ_IBUF_inst/O
                         net (fo=1, routed)           0.631     0.858    CLK100MHZ_IBUF
    BUFGCTRL_X0Y3        BUFG (Prop_bufg_I_O)         0.026     0.884 r  CLK100MHZ_IBUF_BUFG_inst/O
                         net (fo=310, routed)         0.562     1.445    clk20k/CLK100MHZ_IBUF_BUFG
    SLICE_X31Y41         FDRE                                         r  clk20k/count_reg[3]/C
  -------------------------------------------------------------------    -------------------
    SLICE_X31Y41         FDRE (Prop_fdre_C_Q)         0.141     1.586 r  clk20k/count_reg[3]/Q
                         net (fo=2, routed)           0.117     1.703    clk20k/count_reg[3]
    SLICE_X31Y41         CARRY4 (Prop_carry4_S[3]_O[3])
                                                      0.108     1.811 r  clk20k/count_reg[0]_i_2__3/O[3]
                         net (fo=1, routed)           0.000     1.811    clk20k/count_reg[0]_i_2__3_n_4
    SLICE_X31Y41         FDRE                                         r  clk20k/count_reg[3]/D
  -------------------------------------------------------------------    -------------------

                         (clock sys_clk_pin rise edge)
                                                      0.000     0.000 r  
    W5                                                0.000     0.000 r  CLK100MHZ (IN)
                         net (fo=0)                   0.000     0.000    CLK100MHZ
    W5                   IBUF (Prop_ibuf_I_O)         0.414     0.414 r  CLK100MHZ_IBUF_inst/O
                         net (fo=1, routed)           0.685     1.099    CLK100MHZ_IBUF
    BUFGCTRL_X0Y3        BUFG (Prop_bufg_I_O)         0.029     1.128 r  CLK100MHZ_IBUF_BUFG_inst/O
                         net (fo=310, routed)         0.831     1.958    clk20k/CLK100MHZ_IBUF_BUFG
    SLICE_X31Y41         FDRE                                         r  clk20k/count_reg[3]/C
                         clock pessimism             -0.513     1.445    
    SLICE_X31Y41         FDRE (Hold_fdre_C_D)         0.105     1.550    clk20k/count_reg[3]
  -------------------------------------------------------------------
                         required time                         -1.550    
                         arrival time                           1.811    
  -------------------------------------------------------------------
                         slack                                  0.261    

Slack (MET) :             0.261ns  (arrival time - required time)
  Source:                 clk20/count_reg[31]/C
                            (rising edge-triggered cell FDRE clocked by sys_clk_pin  {rise@0.000ns fall@5.000ns period=10.000ns})
  Destination:            clk20/count_reg[31]/D
                            (rising edge-triggered cell FDRE clocked by sys_clk_pin  {rise@0.000ns fall@5.000ns period=10.000ns})
  Path Group:             sys_clk_pin
  Path Type:              Hold (Min at Fast Process Corner)
  Requirement:            0.000ns  (sys_clk_pin rise@0.000ns - sys_clk_pin rise@0.000ns)
  Data Path Delay:        0.366ns  (logic 0.249ns (67.994%)  route 0.117ns (32.006%))
  Logic Levels:           1  (CARRY4=1)
  Clock Path Skew:        0.000ns (DCD - SCD - CPR)
    Destination Clock Delay (DCD):    1.958ns
    Source Clock Delay      (SCD):    1.444ns
    Clock Pessimism Removal (CPR):    0.514ns

    Location             Delay type                Incr(ns)  Path(ns)    Netlist Resource(s)
  -------------------------------------------------------------------    -------------------
                         (clock sys_clk_pin rise edge)
                                                      0.000     0.000 r  
    W5                                                0.000     0.000 r  CLK100MHZ (IN)
                         net (fo=0)                   0.000     0.000    CLK100MHZ
    W5                   IBUF (Prop_ibuf_I_O)         0.226     0.226 r  CLK100MHZ_IBUF_inst/O
                         net (fo=1, routed)           0.631     0.858    CLK100MHZ_IBUF
    BUFGCTRL_X0Y3        BUFG (Prop_bufg_I_O)         0.026     0.884 r  CLK100MHZ_IBUF_BUFG_inst/O
                         net (fo=310, routed)         0.561     1.444    clk20/CLK100MHZ_IBUF_BUFG
    SLICE_X29Y38         FDRE                                         r  clk20/count_reg[31]/C
  -------------------------------------------------------------------    -------------------
    SLICE_X29Y38         FDRE (Prop_fdre_C_Q)         0.141     1.585 r  clk20/count_reg[31]/Q
                         net (fo=2, routed)           0.117     1.702    clk20/count_reg[31]
    SLICE_X29Y38         CARRY4 (Prop_carry4_S[3]_O[3])
                                                      0.108     1.810 r  clk20/count_reg[28]_i_1__2/O[3]
                         net (fo=1, routed)           0.000     1.810    clk20/count_reg[28]_i_1__2_n_4
    SLICE_X29Y38         FDRE                                         r  clk20/count_reg[31]/D
  -------------------------------------------------------------------    -------------------

                         (clock sys_clk_pin rise edge)
                                                      0.000     0.000 r  
    W5                                                0.000     0.000 r  CLK100MHZ (IN)
                         net (fo=0)                   0.000     0.000    CLK100MHZ
    W5                   IBUF (Prop_ibuf_I_O)         0.414     0.414 r  CLK100MHZ_IBUF_inst/O
                         net (fo=1, routed)           0.685     1.099    CLK100MHZ_IBUF
    BUFGCTRL_X0Y3        BUFG (Prop_bufg_I_O)         0.029     1.128 r  CLK100MHZ_IBUF_BUFG_inst/O
                         net (fo=310, routed)         0.831     1.958    clk20/CLK100MHZ_IBUF_BUFG
    SLICE_X29Y38         FDRE                                         r  clk20/count_reg[31]/C
                         clock pessimism             -0.514     1.444    
    SLICE_X29Y38         FDRE (Hold_fdre_C_D)         0.105     1.549    clk20/count_reg[31]
  -------------------------------------------------------------------
                         required time                         -1.549    
                         arrival time                           1.810    
  -------------------------------------------------------------------
                         slack                                  0.261    

Slack (MET) :             0.261ns  (arrival time - required time)
  Source:                 clk20k/count_reg[27]/C
                            (rising edge-triggered cell FDRE clocked by sys_clk_pin  {rise@0.000ns fall@5.000ns period=10.000ns})
  Destination:            clk20k/count_reg[27]/D
                            (rising edge-triggered cell FDRE clocked by sys_clk_pin  {rise@0.000ns fall@5.000ns period=10.000ns})
  Path Group:             sys_clk_pin
  Path Type:              Hold (Min at Fast Process Corner)
  Requirement:            0.000ns  (sys_clk_pin rise@0.000ns - sys_clk_pin rise@0.000ns)
  Data Path Delay:        0.366ns  (logic 0.249ns (67.994%)  route 0.117ns (32.006%))
  Logic Levels:           1  (CARRY4=1)
  Clock Path Skew:        0.000ns (DCD - SCD - CPR)
    Destination Clock Delay (DCD):    1.960ns
    Source Clock Delay      (SCD):    1.447ns
    Clock Pessimism Removal (CPR):    0.513ns

    Location             Delay type                Incr(ns)  Path(ns)    Netlist Resource(s)
  -------------------------------------------------------------------    -------------------
                         (clock sys_clk_pin rise edge)
                                                      0.000     0.000 r  
    W5                                                0.000     0.000 r  CLK100MHZ (IN)
                         net (fo=0)                   0.000     0.000    CLK100MHZ
    W5                   IBUF (Prop_ibuf_I_O)         0.226     0.226 r  CLK100MHZ_IBUF_inst/O
                         net (fo=1, routed)           0.631     0.858    CLK100MHZ_IBUF
    BUFGCTRL_X0Y3        BUFG (Prop_bufg_I_O)         0.026     0.884 r  CLK100MHZ_IBUF_BUFG_inst/O
                         net (fo=310, routed)         0.564     1.447    clk20k/CLK100MHZ_IBUF_BUFG
    SLICE_X31Y47         FDRE                                         r  clk20k/count_reg[27]/C
  -------------------------------------------------------------------    -------------------
    SLICE_X31Y47         FDRE (Prop_fdre_C_Q)         0.141     1.588 r  clk20k/count_reg[27]/Q
                         net (fo=2, routed)           0.117     1.705    clk20k/count_reg[27]
    SLICE_X31Y47         CARRY4 (Prop_carry4_S[3]_O[3])
                                                      0.108     1.813 r  clk20k/count_reg[24]_i_1__3/O[3]
                         net (fo=1, routed)           0.000     1.813    clk20k/count_reg[24]_i_1__3_n_4
    SLICE_X31Y47         FDRE                                         r  clk20k/count_reg[27]/D
  -------------------------------------------------------------------    -------------------

                         (clock sys_clk_pin rise edge)
                                                      0.000     0.000 r  
    W5                                                0.000     0.000 r  CLK100MHZ (IN)
                         net (fo=0)                   0.000     0.000    CLK100MHZ
    W5                   IBUF (Prop_ibuf_I_O)         0.414     0.414 r  CLK100MHZ_IBUF_inst/O
                         net (fo=1, routed)           0.685     1.099    CLK100MHZ_IBUF
    BUFGCTRL_X0Y3        BUFG (Prop_bufg_I_O)         0.029     1.128 r  CLK100MHZ_IBUF_BUFG_inst/O
                         net (fo=310, routed)         0.833     1.960    clk20k/CLK100MHZ_IBUF_BUFG
    SLICE_X31Y47         FDRE                                         r  clk20k/count_reg[27]/C
                         clock pessimism             -0.513     1.447    
    SLICE_X31Y47         FDRE (Hold_fdre_C_D)         0.105     1.552    clk20k/count_reg[27]
  -------------------------------------------------------------------
                         required time                         -1.552    
                         arrival time                           1.813    
  -------------------------------------------------------------------
                         slack                                  0.261    

Slack (MET) :             0.261ns  (arrival time - required time)
  Source:                 clk625m/count_reg[5]/C
                            (rising edge-triggered cell FDRE clocked by sys_clk_pin  {rise@0.000ns fall@5.000ns period=10.000ns})
  Destination:            clk625m/slowclk_reg/D
                            (rising edge-triggered cell FDRE clocked by sys_clk_pin  {rise@0.000ns fall@5.000ns period=10.000ns})
  Path Group:             sys_clk_pin
  Path Type:              Hold (Min at Fast Process Corner)
  Requirement:            0.000ns  (sys_clk_pin rise@0.000ns - sys_clk_pin rise@0.000ns)
  Data Path Delay:        0.365ns  (logic 0.254ns (69.531%)  route 0.111ns (30.469%))
  Logic Levels:           2  (LUT6=2)
  Clock Path Skew:        0.013ns (DCD - SCD - CPR)
    Destination Clock Delay (DCD):    1.947ns
    Source Clock Delay      (SCD):    1.436ns
    Clock Pessimism Removal (CPR):    0.498ns

    Location             Delay type                Incr(ns)  Path(ns)    Netlist Resource(s)
  -------------------------------------------------------------------    -------------------
                         (clock sys_clk_pin rise edge)
                                                      0.000     0.000 r  
    W5                                                0.000     0.000 r  CLK100MHZ (IN)
                         net (fo=0)                   0.000     0.000    CLK100MHZ
    W5                   IBUF (Prop_ibuf_I_O)         0.226     0.226 r  CLK100MHZ_IBUF_inst/O
                         net (fo=1, routed)           0.631     0.858    CLK100MHZ_IBUF
    BUFGCTRL_X0Y3        BUFG (Prop_bufg_I_O)         0.026     0.884 r  CLK100MHZ_IBUF_BUFG_inst/O
                         net (fo=310, routed)         0.553     1.436    clk625m/CLK100MHZ_IBUF_BUFG
    SLICE_X30Y28         FDRE                                         r  clk625m/count_reg[5]/C
  -------------------------------------------------------------------    -------------------
    SLICE_X30Y28         FDRE (Prop_fdre_C_Q)         0.164     1.600 f  clk625m/count_reg[5]/Q
                         net (fo=3, routed)           0.060     1.660    clk625m/count_reg[5]
    SLICE_X31Y28         LUT6 (Prop_lut6_I1_O)        0.045     1.705 r  clk625m/slowclk_i_2__6/O
                         net (fo=1, routed)           0.051     1.756    clk625m/slowclk_i_2__6_n_0
    SLICE_X31Y28         LUT6 (Prop_lut6_I2_O)        0.045     1.801 r  clk625m/slowclk_i_1__6/O
                         net (fo=1, routed)           0.000     1.801    clk625m/slowclk_i_1__6_n_0
    SLICE_X31Y28         FDRE                                         r  clk625m/slowclk_reg/D
  -------------------------------------------------------------------    -------------------

                         (clock sys_clk_pin rise edge)
                                                      0.000     0.000 r  
    W5                                                0.000     0.000 r  CLK100MHZ (IN)
                         net (fo=0)                   0.000     0.000    CLK100MHZ
    W5                   IBUF (Prop_ibuf_I_O)         0.414     0.414 r  CLK100MHZ_IBUF_inst/O
                         net (fo=1, routed)           0.685     1.099    CLK100MHZ_IBUF
    BUFGCTRL_X0Y3        BUFG (Prop_bufg_I_O)         0.029     1.128 r  CLK100MHZ_IBUF_BUFG_inst/O
                         net (fo=310, routed)         0.820     1.947    clk625m/CLK100MHZ_IBUF_BUFG
    SLICE_X31Y28         FDRE                                         r  clk625m/slowclk_reg/C
                         clock pessimism             -0.498     1.449    
    SLICE_X31Y28         FDRE (Hold_fdre_C_D)         0.091     1.540    clk625m/slowclk_reg
  -------------------------------------------------------------------
                         required time                         -1.540    
                         arrival time                           1.801    
  -------------------------------------------------------------------
                         slack                                  0.261    

Slack (MET) :             0.262ns  (arrival time - required time)
  Source:                 clk20k/count_reg[7]/C
                            (rising edge-triggered cell FDRE clocked by sys_clk_pin  {rise@0.000ns fall@5.000ns period=10.000ns})
  Destination:            clk20k/count_reg[7]/D
                            (rising edge-triggered cell FDRE clocked by sys_clk_pin  {rise@0.000ns fall@5.000ns period=10.000ns})
  Path Group:             sys_clk_pin
  Path Type:              Hold (Min at Fast Process Corner)
  Requirement:            0.000ns  (sys_clk_pin rise@0.000ns - sys_clk_pin rise@0.000ns)
  Data Path Delay:        0.367ns  (logic 0.249ns (67.838%)  route 0.118ns (32.162%))
  Logic Levels:           1  (CARRY4=1)
  Clock Path Skew:        0.000ns (DCD - SCD - CPR)
    Destination Clock Delay (DCD):    1.958ns
    Source Clock Delay      (SCD):    1.445ns
    Clock Pessimism Removal (CPR):    0.513ns

    Location             Delay type                Incr(ns)  Path(ns)    Netlist Resource(s)
  -------------------------------------------------------------------    -------------------
                         (clock sys_clk_pin rise edge)
                                                      0.000     0.000 r  
    W5                                                0.000     0.000 r  CLK100MHZ (IN)
                         net (fo=0)                   0.000     0.000    CLK100MHZ
    W5                   IBUF (Prop_ibuf_I_O)         0.226     0.226 r  CLK100MHZ_IBUF_inst/O
                         net (fo=1, routed)           0.631     0.858    CLK100MHZ_IBUF
    BUFGCTRL_X0Y3        BUFG (Prop_bufg_I_O)         0.026     0.884 r  CLK100MHZ_IBUF_BUFG_inst/O
                         net (fo=310, routed)         0.562     1.445    clk20k/CLK100MHZ_IBUF_BUFG
    SLICE_X31Y42         FDRE                                         r  clk20k/count_reg[7]/C
  -------------------------------------------------------------------    -------------------
    SLICE_X31Y42         FDRE (Prop_fdre_C_Q)         0.141     1.586 r  clk20k/count_reg[7]/Q
                         net (fo=3, routed)           0.118     1.704    clk20k/count_reg[7]
    SLICE_X31Y42         CARRY4 (Prop_carry4_S[3]_O[3])
                                                      0.108     1.812 r  clk20k/count_reg[4]_i_1__3/O[3]
                         net (fo=1, routed)           0.000     1.812    clk20k/count_reg[4]_i_1__3_n_4
    SLICE_X31Y42         FDRE                                         r  clk20k/count_reg[7]/D
  -------------------------------------------------------------------    -------------------

                         (clock sys_clk_pin rise edge)
                                                      0.000     0.000 r  
    W5                                                0.000     0.000 r  CLK100MHZ (IN)
                         net (fo=0)                   0.000     0.000    CLK100MHZ
    W5                   IBUF (Prop_ibuf_I_O)         0.414     0.414 r  CLK100MHZ_IBUF_inst/O
                         net (fo=1, routed)           0.685     1.099    CLK100MHZ_IBUF
    BUFGCTRL_X0Y3        BUFG (Prop_bufg_I_O)         0.029     1.128 r  CLK100MHZ_IBUF_BUFG_inst/O
                         net (fo=310, routed)         0.831     1.958    clk20k/CLK100MHZ_IBUF_BUFG
    SLICE_X31Y42         FDRE                                         r  clk20k/count_reg[7]/C
                         clock pessimism             -0.513     1.445    
    SLICE_X31Y42         FDRE (Hold_fdre_C_D)         0.105     1.550    clk20k/count_reg[7]
  -------------------------------------------------------------------
                         required time                         -1.550    
                         arrival time                           1.812    
  -------------------------------------------------------------------
                         slack                                  0.262    

Slack (MET) :             0.263ns  (arrival time - required time)
  Source:                 ledDriverEco/clk600/slowclk_reg/C
                            (rising edge-triggered cell FDRE clocked by sys_clk_pin  {rise@0.000ns fall@5.000ns period=10.000ns})
  Destination:            ledDriverEco/clk600/slowclk_reg/D
                            (rising edge-triggered cell FDRE clocked by sys_clk_pin  {rise@0.000ns fall@5.000ns period=10.000ns})
  Path Group:             sys_clk_pin
  Path Type:              Hold (Min at Fast Process Corner)
  Requirement:            0.000ns  (sys_clk_pin rise@0.000ns - sys_clk_pin rise@0.000ns)
  Data Path Delay:        0.354ns  (logic 0.186ns (52.498%)  route 0.168ns (47.502%))
  Logic Levels:           1  (LUT3=1)
  Clock Path Skew:        0.000ns (DCD - SCD - CPR)
    Destination Clock Delay (DCD):    1.954ns
    Source Clock Delay      (SCD):    1.443ns
    Clock Pessimism Removal (CPR):    0.511ns

    Location             Delay type                Incr(ns)  Path(ns)    Netlist Resource(s)
  -------------------------------------------------------------------    -------------------
                         (clock sys_clk_pin rise edge)
                                                      0.000     0.000 r  
    W5                                                0.000     0.000 r  CLK100MHZ (IN)
                         net (fo=0)                   0.000     0.000    CLK100MHZ
    W5                   IBUF (Prop_ibuf_I_O)         0.226     0.226 r  CLK100MHZ_IBUF_inst/O
                         net (fo=1, routed)           0.631     0.858    CLK100MHZ_IBUF
    BUFGCTRL_X0Y3        BUFG (Prop_bufg_I_O)         0.026     0.884 r  CLK100MHZ_IBUF_BUFG_inst/O
                         net (fo=310, routed)         0.560     1.443    ledDriverEco/clk600/CLK100MHZ_IBUF_BUFG
    SLICE_X57Y19         FDRE                                         r  ledDriverEco/clk600/slowclk_reg/C
  -------------------------------------------------------------------    -------------------
    SLICE_X57Y19         FDRE (Prop_fdre_C_Q)         0.141     1.584 r  ledDriverEco/clk600/slowclk_reg/Q
                         net (fo=9, routed)           0.168     1.752    ledDriverEco/clk600/slowclk
    SLICE_X57Y19         LUT3 (Prop_lut3_I2_O)        0.045     1.797 r  ledDriverEco/clk600/slowclk_i_1__1/O
                         net (fo=1, routed)           0.000     1.797    ledDriverEco/clk600/slowclk_i_1__1_n_0
    SLICE_X57Y19         FDRE                                         r  ledDriverEco/clk600/slowclk_reg/D
  -------------------------------------------------------------------    -------------------

                         (clock sys_clk_pin rise edge)
                                                      0.000     0.000 r  
    W5                                                0.000     0.000 r  CLK100MHZ (IN)
                         net (fo=0)                   0.000     0.000    CLK100MHZ
    W5                   IBUF (Prop_ibuf_I_O)         0.414     0.414 r  CLK100MHZ_IBUF_inst/O
                         net (fo=1, routed)           0.685     1.099    CLK100MHZ_IBUF
    BUFGCTRL_X0Y3        BUFG (Prop_bufg_I_O)         0.029     1.128 r  CLK100MHZ_IBUF_BUFG_inst/O
                         net (fo=310, routed)         0.827     1.954    ledDriverEco/clk600/CLK100MHZ_IBUF_BUFG
    SLICE_X57Y19         FDRE                                         r  ledDriverEco/clk600/slowclk_reg/C
                         clock pessimism             -0.511     1.443    
    SLICE_X57Y19         FDRE (Hold_fdre_C_D)         0.091     1.534    ledDriverEco/clk600/slowclk_reg
  -------------------------------------------------------------------
                         required time                         -1.534    
                         arrival time                           1.797    
  -------------------------------------------------------------------
                         slack                                  0.263    

Slack (MET) :             0.263ns  (arrival time - required time)
  Source:                 clk1/count_reg[0]/C
                            (rising edge-triggered cell FDRE clocked by sys_clk_pin  {rise@0.000ns fall@5.000ns period=10.000ns})
  Destination:            clk1/slowclk_reg/D
                            (rising edge-triggered cell FDRE clocked by sys_clk_pin  {rise@0.000ns fall@5.000ns period=10.000ns})
  Path Group:             sys_clk_pin
  Path Type:              Hold (Min at Fast Process Corner)
  Requirement:            0.000ns  (sys_clk_pin rise@0.000ns - sys_clk_pin rise@0.000ns)
  Data Path Delay:        0.367ns  (logic 0.209ns (56.900%)  route 0.158ns (43.100%))
  Logic Levels:           1  (LUT6=1)
  Clock Path Skew:        0.013ns (DCD - SCD - CPR)
    Destination Clock Delay (DCD):    1.949ns
    Source Clock Delay      (SCD):    1.439ns
    Clock Pessimism Removal (CPR):    0.497ns

    Location             Delay type                Incr(ns)  Path(ns)    Netlist Resource(s)
  -------------------------------------------------------------------    -------------------
                         (clock sys_clk_pin rise edge)
                                                      0.000     0.000 r  
    W5                                                0.000     0.000 r  CLK100MHZ (IN)
                         net (fo=0)                   0.000     0.000    CLK100MHZ
    W5                   IBUF (Prop_ibuf_I_O)         0.226     0.226 r  CLK100MHZ_IBUF_inst/O
                         net (fo=1, routed)           0.631     0.858    CLK100MHZ_IBUF
    BUFGCTRL_X0Y3        BUFG (Prop_bufg_I_O)         0.026     0.884 r  CLK100MHZ_IBUF_BUFG_inst/O
                         net (fo=310, routed)         0.556     1.439    clk1/CLK100MHZ_IBUF_BUFG
    SLICE_X34Y17         FDRE                                         r  clk1/count_reg[0]/C
  -------------------------------------------------------------------    -------------------
    SLICE_X34Y17         FDRE (Prop_fdre_C_Q)         0.164     1.603 r  clk1/count_reg[0]/Q
                         net (fo=3, routed)           0.158     1.761    clk1/count_reg[0]
    SLICE_X35Y18         LUT6 (Prop_lut6_I3_O)        0.045     1.806 r  clk1/slowclk_i_1__4/O
                         net (fo=1, routed)           0.000     1.806    clk1/slowclk_i_1__4_n_0
    SLICE_X35Y18         FDRE                                         r  clk1/slowclk_reg/D
  -------------------------------------------------------------------    -------------------

                         (clock sys_clk_pin rise edge)
                                                      0.000     0.000 r  
    W5                                                0.000     0.000 r  CLK100MHZ (IN)
                         net (fo=0)                   0.000     0.000    CLK100MHZ
    W5                   IBUF (Prop_ibuf_I_O)         0.414     0.414 r  CLK100MHZ_IBUF_inst/O
                         net (fo=1, routed)           0.685     1.099    CLK100MHZ_IBUF
    BUFGCTRL_X0Y3        BUFG (Prop_bufg_I_O)         0.029     1.128 r  CLK100MHZ_IBUF_BUFG_inst/O
                         net (fo=310, routed)         0.822     1.949    clk1/CLK100MHZ_IBUF_BUFG
    SLICE_X35Y18         FDRE                                         r  clk1/slowclk_reg/C
                         clock pessimism             -0.497     1.452    
    SLICE_X35Y18         FDRE (Hold_fdre_C_D)         0.091     1.543    clk1/slowclk_reg
  -------------------------------------------------------------------
                         required time                         -1.543    
                         arrival time                           1.806    
  -------------------------------------------------------------------
                         slack                                  0.263    

Slack (MET) :             0.264ns  (arrival time - required time)
  Source:                 clk20k/slowclk_reg/C
                            (rising edge-triggered cell FDRE clocked by sys_clk_pin  {rise@0.000ns fall@5.000ns period=10.000ns})
  Destination:            clk20k/slowclk_reg/D
                            (rising edge-triggered cell FDRE clocked by sys_clk_pin  {rise@0.000ns fall@5.000ns period=10.000ns})
  Path Group:             sys_clk_pin
  Path Type:              Hold (Min at Fast Process Corner)
  Requirement:            0.000ns  (sys_clk_pin rise@0.000ns - sys_clk_pin rise@0.000ns)
  Data Path Delay:        0.384ns  (logic 0.209ns (54.384%)  route 0.175ns (45.616%))
  Logic Levels:           1  (LUT6=1)
  Clock Path Skew:        0.000ns (DCD - SCD - CPR)
    Destination Clock Delay (DCD):    1.959ns
    Source Clock Delay      (SCD):    1.446ns
    Clock Pessimism Removal (CPR):    0.513ns

    Location             Delay type                Incr(ns)  Path(ns)    Netlist Resource(s)
  -------------------------------------------------------------------    -------------------
                         (clock sys_clk_pin rise edge)
                                                      0.000     0.000 r  
    W5                                                0.000     0.000 r  CLK100MHZ (IN)
                         net (fo=0)                   0.000     0.000    CLK100MHZ
    W5                   IBUF (Prop_ibuf_I_O)         0.226     0.226 r  CLK100MHZ_IBUF_inst/O
                         net (fo=1, routed)           0.631     0.858    CLK100MHZ_IBUF
    BUFGCTRL_X0Y3        BUFG (Prop_bufg_I_O)         0.026     0.884 r  CLK100MHZ_IBUF_BUFG_inst/O
                         net (fo=310, routed)         0.563     1.446    clk20k/CLK100MHZ_IBUF_BUFG
    SLICE_X30Y45         FDRE                                         r  clk20k/slowclk_reg/C
  -------------------------------------------------------------------    -------------------
    SLICE_X30Y45         FDRE (Prop_fdre_C_Q)         0.164     1.610 r  clk20k/slowclk_reg/Q
                         net (fo=2, routed)           0.175     1.785    clk20k/J_MIC3_Pin1_OBUF
    SLICE_X30Y45         LUT6 (Prop_lut6_I5_O)        0.045     1.830 r  clk20k/slowclk_i_1__3/O
                         net (fo=1, routed)           0.000     1.830    clk20k/slowclk_i_1__3_n_0
    SLICE_X30Y45         FDRE                                         r  clk20k/slowclk_reg/D
  -------------------------------------------------------------------    -------------------

                         (clock sys_clk_pin rise edge)
                                                      0.000     0.000 r  
    W5                                                0.000     0.000 r  CLK100MHZ (IN)
                         net (fo=0)                   0.000     0.000    CLK100MHZ
    W5                   IBUF (Prop_ibuf_I_O)         0.414     0.414 r  CLK100MHZ_IBUF_inst/O
                         net (fo=1, routed)           0.685     1.099    CLK100MHZ_IBUF
    BUFGCTRL_X0Y3        BUFG (Prop_bufg_I_O)         0.029     1.128 r  CLK100MHZ_IBUF_BUFG_inst/O
                         net (fo=310, routed)         0.832     1.959    clk20k/CLK100MHZ_IBUF_BUFG
    SLICE_X30Y45         FDRE                                         r  clk20k/slowclk_reg/C
                         clock pessimism             -0.513     1.446    
    SLICE_X30Y45         FDRE (Hold_fdre_C_D)         0.120     1.566    clk20k/slowclk_reg
  -------------------------------------------------------------------
                         required time                         -1.566    
                         arrival time                           1.830    
  -------------------------------------------------------------------
                         slack                                  0.264    





Pulse Width Checks
--------------------------------------------------------------------------------------
Clock Name:         sys_clk_pin
Waveform(ns):       { 0.000 5.000 }
Period(ns):         10.000
Sources:            { CLK100MHZ }

Check Type        Corner  Lib Pin  Reference Pin  Required(ns)  Actual(ns)  Slack(ns)  Location       Pin
Min Period        n/a     BUFG/I   n/a            2.155         10.000      7.845      BUFGCTRL_X0Y3  CLK100MHZ_IBUF_BUFG_inst/I
Min Period        n/a     FDRE/C   n/a            1.000         10.000      9.000      SLICE_X34Y17   clk1/count_reg[0]/C
Min Period        n/a     FDRE/C   n/a            1.000         10.000      9.000      SLICE_X34Y19   clk1/count_reg[10]/C
Min Period        n/a     FDRE/C   n/a            1.000         10.000      9.000      SLICE_X34Y19   clk1/count_reg[11]/C
Min Period        n/a     FDRE/C   n/a            1.000         10.000      9.000      SLICE_X34Y20   clk1/count_reg[12]/C
Min Period        n/a     FDRE/C   n/a            1.000         10.000      9.000      SLICE_X34Y20   clk1/count_reg[13]/C
Min Period        n/a     FDRE/C   n/a            1.000         10.000      9.000      SLICE_X34Y20   clk1/count_reg[14]/C
Min Period        n/a     FDRE/C   n/a            1.000         10.000      9.000      SLICE_X34Y20   clk1/count_reg[15]/C
Min Period        n/a     FDRE/C   n/a            1.000         10.000      9.000      SLICE_X34Y21   clk1/count_reg[16]/C
Min Period        n/a     FDRE/C   n/a            1.000         10.000      9.000      SLICE_X34Y21   clk1/count_reg[17]/C
Low Pulse Width   Slow    FDRE/C   n/a            0.500         5.000       4.500      SLICE_X34Y24   clk1/count_reg[28]/C
Low Pulse Width   Slow    FDRE/C   n/a            0.500         5.000       4.500      SLICE_X34Y24   clk1/count_reg[29]/C
Low Pulse Width   Slow    FDRE/C   n/a            0.500         5.000       4.500      SLICE_X34Y24   clk1/count_reg[30]/C
Low Pulse Width   Slow    FDRE/C   n/a            0.500         5.000       4.500      SLICE_X34Y24   clk1/count_reg[31]/C
Low Pulse Width   Slow    FDRE/C   n/a            0.500         5.000       4.500      SLICE_X31Y43   clk20k/count_reg[10]/C
Low Pulse Width   Slow    FDRE/C   n/a            0.500         5.000       4.500      SLICE_X31Y43   clk20k/count_reg[11]/C
Low Pulse Width   Slow    FDRE/C   n/a            0.500         5.000       4.500      SLICE_X31Y44   clk20k/count_reg[12]/C
Low Pulse Width   Slow    FDRE/C   n/a            0.500         5.000       4.500      SLICE_X31Y44   clk20k/count_reg[13]/C
Low Pulse Width   Slow    FDRE/C   n/a            0.500         5.000       4.500      SLICE_X31Y44   clk20k/count_reg[14]/C
Low Pulse Width   Slow    FDRE/C   n/a            0.500         5.000       4.500      SLICE_X31Y44   clk20k/count_reg[15]/C
High Pulse Width  Fast    FDRE/C   n/a            0.500         5.000       4.500      SLICE_X34Y21   clk1/count_reg[16]/C
High Pulse Width  Fast    FDRE/C   n/a            0.500         5.000       4.500      SLICE_X34Y21   clk1/count_reg[17]/C
High Pulse Width  Fast    FDRE/C   n/a            0.500         5.000       4.500      SLICE_X34Y21   clk1/count_reg[18]/C
High Pulse Width  Fast    FDRE/C   n/a            0.500         5.000       4.500      SLICE_X34Y21   clk1/count_reg[19]/C
High Pulse Width  Fast    FDRE/C   n/a            0.500         5.000       4.500      SLICE_X29Y31   clk20/count_reg[0]/C
High Pulse Width  Slow    FDRE/C   n/a            0.500         5.000       4.500      SLICE_X29Y33   clk20/count_reg[10]/C
High Pulse Width  Slow    FDRE/C   n/a            0.500         5.000       4.500      SLICE_X29Y33   clk20/count_reg[11]/C
High Pulse Width  Slow    FDRE/C   n/a            0.500         5.000       4.500      SLICE_X29Y34   clk20/count_reg[12]/C
High Pulse Width  Slow    FDRE/C   n/a            0.500         5.000       4.500      SLICE_X29Y34   clk20/count_reg[13]/C
High Pulse Width  Slow    FDRE/C   n/a            0.500         5.000       4.500      SLICE_X29Y34   clk20/count_reg[14]/C



